2025-12-19 00:20:13.772 [main] INFO  [o.s.d.r.config.RepositoryConfigurationDelegate] - Multiple Spring Data modules found, entering strict repository configuration mode
2025-12-19 00:20:13.773 [main] INFO  [o.s.d.r.config.RepositoryConfigurationDelegate] - Bootstrapping Spring Data Redis repositories in DEFAULT mode.
2025-12-19 00:20:13.782 [main] INFO  [o.s.d.r.config.RepositoryConfigurationDelegate] - Finished Spring Data repository scanning in 4 ms. Found 0 Redis repository interfaces.
2025-12-19 00:20:13.983 [main] INFO  [org.springframework.boot.tomcat.TomcatWebServer] - Tomcat initialized with port 8085 (http)
2025-12-19 00:20:14.009 [main] INFO  [o.s.b.w.c.servlet.WebApplicationContextInitializer] - Root WebApplicationContext: initialization completed in 503 ms
2025-12-19 00:20:14.189 [main] INFO  [o.s.b.a.logging.ConditionEvaluationReportLogger] - 

Error starting ApplicationContext. To display the condition evaluation report re-run your application with 'debug' enabled.
2025-12-19 00:23:12.934 [main] INFO  [o.s.d.r.config.RepositoryConfigurationDelegate] - Multiple Spring Data modules found, entering strict repository configuration mode
2025-12-19 00:23:12.935 [main] INFO  [o.s.d.r.config.RepositoryConfigurationDelegate] - Bootstrapping Spring Data Redis repositories in DEFAULT mode.
2025-12-19 00:23:12.945 [main] INFO  [o.s.d.r.config.RepositoryConfigurationDelegate] - Finished Spring Data repository scanning in 4 ms. Found 0 Redis repository interfaces.
2025-12-19 00:23:13.165 [main] INFO  [org.springframework.boot.tomcat.TomcatWebServer] - Tomcat initialized with port 8085 (http)
2025-12-19 00:23:13.192 [main] INFO  [o.s.b.w.c.servlet.WebApplicationContextInitializer] - Root WebApplicationContext: initialization completed in 544 ms
2025-12-19 00:23:13.446 [main] INFO  [o.s.b.a.logging.ConditionEvaluationReportLogger] - 

Error starting ApplicationContext. To display the condition evaluation report re-run your application with 'debug' enabled.
2025-12-19 00:25:09.896 [main] INFO  [o.s.d.r.config.RepositoryConfigurationDelegate] - Multiple Spring Data modules found, entering strict repository configuration mode
2025-12-19 00:25:09.898 [main] INFO  [o.s.d.r.config.RepositoryConfigurationDelegate] - Bootstrapping Spring Data Redis repositories in DEFAULT mode.
2025-12-19 00:25:09.908 [main] INFO  [o.s.d.r.config.RepositoryConfigurationDelegate] - Finished Spring Data repository scanning in 4 ms. Found 0 Redis repository interfaces.
2025-12-19 00:25:10.113 [main] INFO  [org.springframework.boot.tomcat.TomcatWebServer] - Tomcat initialized with port 8085 (http)
2025-12-19 00:25:10.140 [main] INFO  [o.s.b.w.c.servlet.WebApplicationContextInitializer] - Root WebApplicationContext: initialization completed in 509 ms
2025-12-19 00:25:10.380 [main] INFO  [o.s.b.a.logging.ConditionEvaluationReportLogger] - 

Error starting ApplicationContext. To display the condition evaluation report re-run your application with 'debug' enabled.
2025-12-19 00:26:26.623 [main] INFO  [o.s.d.r.config.RepositoryConfigurationDelegate] - Multiple Spring Data modules found, entering strict repository configuration mode
2025-12-19 00:26:26.625 [main] INFO  [o.s.d.r.config.RepositoryConfigurationDelegate] - Bootstrapping Spring Data Redis repositories in DEFAULT mode.
2025-12-19 00:26:26.633 [main] INFO  [o.s.d.r.config.RepositoryConfigurationDelegate] - Finished Spring Data repository scanning in 4 ms. Found 0 Redis repository interfaces.
2025-12-19 00:26:26.830 [main] INFO  [org.springframework.boot.tomcat.TomcatWebServer] - Tomcat initialized with port 8085 (http)
2025-12-19 00:26:26.854 [main] INFO  [o.s.b.w.c.servlet.WebApplicationContextInitializer] - Root WebApplicationContext: initialization completed in 532 ms
2025-12-19 00:26:28.982 [main] INFO  [o.s.b.a.logging.ConditionEvaluationReportLogger] - 

Error starting ApplicationContext. To display the condition evaluation report re-run your application with 'debug' enabled.
2025-12-19 00:27:26.101 [main] INFO  [o.s.d.r.config.RepositoryConfigurationDelegate] - Multiple Spring Data modules found, entering strict repository configuration mode
2025-12-19 00:27:26.102 [main] INFO  [o.s.d.r.config.RepositoryConfigurationDelegate] - Bootstrapping Spring Data Redis repositories in DEFAULT mode.
2025-12-19 00:27:26.112 [main] INFO  [o.s.d.r.config.RepositoryConfigurationDelegate] - Finished Spring Data repository scanning in 5 ms. Found 0 Redis repository interfaces.
2025-12-19 00:27:26.328 [main] INFO  [org.springframework.boot.tomcat.TomcatWebServer] - Tomcat initialized with port 8085 (http)
2025-12-19 00:27:26.355 [main] INFO  [o.s.b.w.c.servlet.WebApplicationContextInitializer] - Root WebApplicationContext: initialization completed in 547 ms
2025-12-19 00:27:28.505 [main] INFO  [o.s.b.a.logging.ConditionEvaluationReportLogger] - 

Error starting ApplicationContext. To display the condition evaluation report re-run your application with 'debug' enabled.
2025-12-19 00:28:00.178 [main] INFO  [o.s.d.r.config.RepositoryConfigurationDelegate] - Multiple Spring Data modules found, entering strict repository configuration mode
2025-12-19 00:28:00.180 [main] INFO  [o.s.d.r.config.RepositoryConfigurationDelegate] - Bootstrapping Spring Data Redis repositories in DEFAULT mode.
2025-12-19 00:28:00.190 [main] INFO  [o.s.d.r.config.RepositoryConfigurationDelegate] - Finished Spring Data repository scanning in 4 ms. Found 0 Redis repository interfaces.
2025-12-19 00:28:00.393 [main] INFO  [org.springframework.boot.tomcat.TomcatWebServer] - Tomcat initialized with port 8085 (http)
2025-12-19 00:28:00.432 [main] INFO  [o.s.b.w.c.servlet.WebApplicationContextInitializer] - Root WebApplicationContext: initialization completed in 519 ms
2025-12-19 00:28:02.481 [main] INFO  [o.s.b.a.logging.ConditionEvaluationReportLogger] - 

Error starting ApplicationContext. To display the condition evaluation report re-run your application with 'debug' enabled.
2025-12-19 00:28:32.976 [main] INFO  [o.s.d.r.config.RepositoryConfigurationDelegate] - Multiple Spring Data modules found, entering strict repository configuration mode
2025-12-19 00:28:32.977 [main] INFO  [o.s.d.r.config.RepositoryConfigurationDelegate] - Bootstrapping Spring Data Redis repositories in DEFAULT mode.
2025-12-19 00:28:32.986 [main] INFO  [o.s.d.r.config.RepositoryConfigurationDelegate] - Finished Spring Data repository scanning in 5 ms. Found 0 Redis repository interfaces.
2025-12-19 00:28:33.182 [main] INFO  [org.springframework.boot.tomcat.TomcatWebServer] - Tomcat initialized with port 8085 (http)
2025-12-19 00:28:33.206 [main] INFO  [o.s.b.w.c.servlet.WebApplicationContextInitializer] - Root WebApplicationContext: initialization completed in 491 ms
2025-12-19 00:28:35.256 [main] INFO  [o.s.b.a.logging.ConditionEvaluationReportLogger] - 

Error starting ApplicationContext. To display the condition evaluation report re-run your application with 'debug' enabled.
2025-12-19 00:29:17.306 [main] INFO  [o.s.d.r.config.RepositoryConfigurationDelegate] - Multiple Spring Data modules found, entering strict repository configuration mode
2025-12-19 00:29:17.307 [main] INFO  [o.s.d.r.config.RepositoryConfigurationDelegate] - Bootstrapping Spring Data Redis repositories in DEFAULT mode.
2025-12-19 00:29:17.318 [main] INFO  [o.s.d.r.config.RepositoryConfigurationDelegate] - Finished Spring Data repository scanning in 5 ms. Found 0 Redis repository interfaces.
2025-12-19 00:29:17.321 [main] INFO  [o.s.b.factory.support.DefaultListableBeanFactory] - Overriding bean definition for bean 'jacksonJsonMapper' with a different definition: replacing [Root bean: class=null; scope=; abstract=false; lazyInit=null; autowireMode=3; dependencyCheck=0; autowireCandidate=true; primary=true; fallback=false; factoryBeanName=jacksonConfig; factoryMethodName=jacksonJsonMapper; initMethodNames=null; destroyMethodNames=[(inferred)]; defined in class path resource [cloud/catfish/common/config/JacksonConfig.class]] with [Root bean: class=null; scope=; abstract=false; lazyInit=null; autowireMode=3; dependencyCheck=0; autowireCandidate=true; primary=true; fallback=false; factoryBeanName=org.springframework.boot.jackson.autoconfigure.JacksonAutoConfiguration; factoryMethodName=jacksonJsonMapper; initMethodNames=null; destroyMethodNames=[(inferred)]; defined in class path resource [org/springframework/boot/jackson/autoconfigure/JacksonAutoConfiguration.class]]
2025-12-19 00:29:17.514 [main] INFO  [org.springframework.boot.tomcat.TomcatWebServer] - Tomcat initialized with port 8085 (http)
2025-12-19 00:29:17.538 [main] INFO  [o.s.b.w.c.servlet.WebApplicationContextInitializer] - Root WebApplicationContext: initialization completed in 495 ms
2025-12-19 00:29:19.832 [main] INFO  [o.s.b.a.logging.ConditionEvaluationReportLogger] - 

Error starting ApplicationContext. To display the condition evaluation report re-run your application with 'debug' enabled.
2025-12-19 00:29:52.599 [main] INFO  [o.s.d.r.config.RepositoryConfigurationDelegate] - Multiple Spring Data modules found, entering strict repository configuration mode
2025-12-19 00:29:52.600 [main] INFO  [o.s.d.r.config.RepositoryConfigurationDelegate] - Bootstrapping Spring Data Redis repositories in DEFAULT mode.
2025-12-19 00:29:52.610 [main] INFO  [o.s.d.r.config.RepositoryConfigurationDelegate] - Finished Spring Data repository scanning in 4 ms. Found 0 Redis repository interfaces.
2025-12-19 00:29:52.612 [main] INFO  [o.s.b.factory.support.DefaultListableBeanFactory] - Overriding bean definition for bean 'jacksonJsonMapper' with a different definition: replacing [Root bean: class=null; scope=; abstract=false; lazyInit=null; autowireMode=3; dependencyCheck=0; autowireCandidate=true; primary=true; fallback=false; factoryBeanName=jacksonConfig; factoryMethodName=jacksonJsonMapper; initMethodNames=null; destroyMethodNames=[(inferred)]; defined in class path resource [cloud/catfish/common/config/JacksonConfig.class]] with [Root bean: class=null; scope=; abstract=false; lazyInit=null; autowireMode=3; dependencyCheck=0; autowireCandidate=true; primary=true; fallback=false; factoryBeanName=org.springframework.boot.jackson.autoconfigure.JacksonAutoConfiguration; factoryMethodName=jacksonJsonMapper; initMethodNames=null; destroyMethodNames=[(inferred)]; defined in class path resource [org/springframework/boot/jackson/autoconfigure/JacksonAutoConfiguration.class]]
2025-12-19 00:29:52.810 [main] INFO  [org.springframework.boot.tomcat.TomcatWebServer] - Tomcat initialized with port 8085 (http)
2025-12-19 00:29:52.834 [main] INFO  [o.s.b.w.c.servlet.WebApplicationContextInitializer] - Root WebApplicationContext: initialization completed in 495 ms
2025-12-19 00:29:55.115 [main] INFO  [o.s.b.a.logging.ConditionEvaluationReportLogger] - 

Error starting ApplicationContext. To display the condition evaluation report re-run your application with 'debug' enabled.
2025-12-19 00:31:13.156 [main] INFO  [o.s.d.r.config.RepositoryConfigurationDelegate] - Multiple Spring Data modules found, entering strict repository configuration mode
2025-12-19 00:31:13.157 [main] INFO  [o.s.d.r.config.RepositoryConfigurationDelegate] - Bootstrapping Spring Data Redis repositories in DEFAULT mode.
2025-12-19 00:31:13.167 [main] INFO  [o.s.d.r.config.RepositoryConfigurationDelegate] - Finished Spring Data repository scanning in 5 ms. Found 0 Redis repository interfaces.
2025-12-19 00:31:13.170 [main] INFO  [o.s.b.factory.support.DefaultListableBeanFactory] - Overriding bean definition for bean 'jacksonJsonMapper' with a different definition: replacing [Root bean: class=null; scope=; abstract=false; lazyInit=null; autowireMode=3; dependencyCheck=0; autowireCandidate=true; primary=true; fallback=false; factoryBeanName=jacksonConfig; factoryMethodName=jacksonJsonMapper; initMethodNames=null; destroyMethodNames=[(inferred)]; defined in class path resource [cloud/catfish/common/config/JacksonConfig.class]] with [Root bean: class=null; scope=; abstract=false; lazyInit=null; autowireMode=3; dependencyCheck=0; autowireCandidate=true; primary=true; fallback=false; factoryBeanName=org.springframework.boot.jackson.autoconfigure.JacksonAutoConfiguration; factoryMethodName=jacksonJsonMapper; initMethodNames=null; destroyMethodNames=[(inferred)]; defined in class path resource [org/springframework/boot/jackson/autoconfigure/JacksonAutoConfiguration.class]]
2025-12-19 00:31:13.373 [main] INFO  [org.springframework.boot.tomcat.TomcatWebServer] - Tomcat initialized with port 8085 (http)
2025-12-19 00:31:13.397 [main] INFO  [o.s.b.w.c.servlet.WebApplicationContextInitializer] - Root WebApplicationContext: initialization completed in 507 ms
2025-12-19 00:31:14.917 [main] INFO  [o.s.s.c.a.a.c.InitializeUserDetailsBeanManagerConfigurer$InitializeUserDetailsManagerConfigurer] - Global AuthenticationManager configured with UserDetailsService bean with name inMemoryUserDetailsManager
2025-12-19 00:31:15.217 [main] INFO  [org.springframework.boot.tomcat.TomcatWebServer] - Tomcat started on port 8085 (http) with context path '/'
2025-12-19 00:32:49.728 [SpringApplicationShutdownHook] INFO  [org.springframework.boot.tomcat.GracefulShutdown] - Commencing graceful shutdown. Waiting for active requests to complete
2025-12-19 00:32:49.730 [tomcat-shutdown] INFO  [org.springframework.boot.tomcat.GracefulShutdown] - Graceful shutdown complete
2025-12-19 00:41:17.707 [main] INFO  [o.s.d.r.config.RepositoryConfigurationDelegate] - Multiple Spring Data modules found, entering strict repository configuration mode
2025-12-19 00:41:17.708 [main] INFO  [o.s.d.r.config.RepositoryConfigurationDelegate] - Bootstrapping Spring Data Redis repositories in DEFAULT mode.
2025-12-19 00:41:17.718 [main] INFO  [o.s.d.r.config.RepositoryConfigurationDelegate] - Finished Spring Data repository scanning in 5 ms. Found 0 Redis repository interfaces.
2025-12-19 00:41:17.721 [main] INFO  [o.s.b.factory.support.DefaultListableBeanFactory] - Overriding bean definition for bean 'jacksonJsonMapper' with a different definition: replacing [Root bean: class=null; scope=; abstract=false; lazyInit=null; autowireMode=3; dependencyCheck=0; autowireCandidate=true; primary=true; fallback=false; factoryBeanName=jacksonConfig; factoryMethodName=jacksonJsonMapper; initMethodNames=null; destroyMethodNames=[(inferred)]; defined in class path resource [cloud/catfish/common/config/JacksonConfig.class]] with [Root bean: class=null; scope=; abstract=false; lazyInit=null; autowireMode=3; dependencyCheck=0; autowireCandidate=true; primary=true; fallback=false; factoryBeanName=org.springframework.boot.jackson.autoconfigure.JacksonAutoConfiguration; factoryMethodName=jacksonJsonMapper; initMethodNames=null; destroyMethodNames=[(inferred)]; defined in class path resource [org/springframework/boot/jackson/autoconfigure/JacksonAutoConfiguration.class]]
2025-12-19 00:41:17.919 [main] INFO  [org.springframework.boot.tomcat.TomcatWebServer] - Tomcat initialized with port 8085 (http)
2025-12-19 00:41:17.951 [main] INFO  [o.s.b.w.c.servlet.WebApplicationContextInitializer] - Root WebApplicationContext: initialization completed in 517 ms
2025-12-19 00:41:19.477 [main] INFO  [o.s.s.c.a.a.c.InitializeUserDetailsBeanManagerConfigurer$InitializeUserDetailsManagerConfigurer] - Global AuthenticationManager configured with UserDetailsService bean with name inMemoryUserDetailsManager
2025-12-19 00:41:20.020 [main] INFO  [o.s.b.a.logging.ConditionEvaluationReportLogger] - 

Error starting ApplicationContext. To display the condition evaluation report re-run your application with 'debug' enabled.
2025-12-19 00:41:55.454 [main] INFO  [o.s.d.r.config.RepositoryConfigurationDelegate] - Multiple Spring Data modules found, entering strict repository configuration mode
2025-12-19 00:41:55.456 [main] INFO  [o.s.d.r.config.RepositoryConfigurationDelegate] - Bootstrapping Spring Data Redis repositories in DEFAULT mode.
2025-12-19 00:41:55.465 [main] INFO  [o.s.d.r.config.RepositoryConfigurationDelegate] - Finished Spring Data repository scanning in 5 ms. Found 0 Redis repository interfaces.
2025-12-19 00:41:55.468 [main] INFO  [o.s.b.factory.support.DefaultListableBeanFactory] - Overriding bean definition for bean 'jacksonJsonMapper' with a different definition: replacing [Root bean: class=null; scope=; abstract=false; lazyInit=null; autowireMode=3; dependencyCheck=0; autowireCandidate=true; primary=true; fallback=false; factoryBeanName=jacksonConfig; factoryMethodName=jacksonJsonMapper; initMethodNames=null; destroyMethodNames=[(inferred)]; defined in class path resource [cloud/catfish/common/config/JacksonConfig.class]] with [Root bean: class=null; scope=; abstract=false; lazyInit=null; autowireMode=3; dependencyCheck=0; autowireCandidate=true; primary=true; fallback=false; factoryBeanName=org.springframework.boot.jackson.autoconfigure.JacksonAutoConfiguration; factoryMethodName=jacksonJsonMapper; initMethodNames=null; destroyMethodNames=[(inferred)]; defined in class path resource [org/springframework/boot/jackson/autoconfigure/JacksonAutoConfiguration.class]]
2025-12-19 00:41:55.667 [main] INFO  [org.springframework.boot.tomcat.TomcatWebServer] - Tomcat initialized with port 8085 (http)
2025-12-19 00:41:55.691 [main] INFO  [o.s.b.w.c.servlet.WebApplicationContextInitializer] - Root WebApplicationContext: initialization completed in 491 ms
2025-12-19 00:41:57.163 [main] INFO  [o.s.s.c.a.a.c.InitializeUserDetailsBeanManagerConfigurer$InitializeUserDetailsManagerConfigurer] - Global AuthenticationManager configured with UserDetailsService bean with name inMemoryUserDetailsManager
2025-12-19 00:41:57.456 [main] INFO  [org.springframework.boot.tomcat.TomcatWebServer] - Tomcat started on port 8085 (http) with context path '/'
2025-12-19 00:42:31.282 [SpringApplicationShutdownHook] INFO  [org.springframework.boot.tomcat.GracefulShutdown] - Commencing graceful shutdown. Waiting for active requests to complete
2025-12-19 00:42:31.283 [tomcat-shutdown] INFO  [org.springframework.boot.tomcat.GracefulShutdown] - Graceful shutdown complete
2025-12-19 00:43:12.701 [main] INFO  [o.s.d.r.config.RepositoryConfigurationDelegate] - Multiple Spring Data modules found, entering strict repository configuration mode
2025-12-19 00:43:12.702 [main] INFO  [o.s.d.r.config.RepositoryConfigurationDelegate] - Bootstrapping Spring Data Redis repositories in DEFAULT mode.
2025-12-19 00:43:12.712 [main] INFO  [o.s.d.r.config.RepositoryConfigurationDelegate] - Finished Spring Data repository scanning in 5 ms. Found 0 Redis repository interfaces.
2025-12-19 00:43:12.715 [main] INFO  [o.s.b.factory.support.DefaultListableBeanFactory] - Overriding bean definition for bean 'jacksonJsonMapper' with a different definition: replacing [Root bean: class=null; scope=; abstract=false; lazyInit=null; autowireMode=3; dependencyCheck=0; autowireCandidate=true; primary=true; fallback=false; factoryBeanName=jacksonConfig; factoryMethodName=jacksonJsonMapper; initMethodNames=null; destroyMethodNames=[(inferred)]; defined in class path resource [cloud/catfish/common/config/JacksonConfig.class]] with [Root bean: class=null; scope=; abstract=false; lazyInit=null; autowireMode=3; dependencyCheck=0; autowireCandidate=true; primary=true; fallback=false; factoryBeanName=org.springframework.boot.jackson.autoconfigure.JacksonAutoConfiguration; factoryMethodName=jacksonJsonMapper; initMethodNames=null; destroyMethodNames=[(inferred)]; defined in class path resource [org/springframework/boot/jackson/autoconfigure/JacksonAutoConfiguration.class]]
2025-12-19 00:43:12.945 [main] INFO  [org.springframework.boot.tomcat.TomcatWebServer] - Tomcat initialized with port 8085 (http)
2025-12-19 00:43:12.976 [main] INFO  [o.s.b.w.c.servlet.WebApplicationContextInitializer] - Root WebApplicationContext: initialization completed in 570 ms
2025-12-19 00:43:14.484 [main] INFO  [o.s.s.c.a.a.c.InitializeUserDetailsBeanManagerConfigurer$InitializeUserDetailsManagerConfigurer] - Global AuthenticationManager configured with UserDetailsService bean with name inMemoryUserDetailsManager
2025-12-19 00:43:14.776 [main] INFO  [org.springframework.boot.tomcat.TomcatWebServer] - Tomcat started on port 8085 (http) with context path '/'
2025-12-19 00:43:55.611 [SpringApplicationShutdownHook] INFO  [org.springframework.boot.tomcat.GracefulShutdown] - Commencing graceful shutdown. Waiting for active requests to complete
2025-12-19 00:43:55.613 [tomcat-shutdown] INFO  [org.springframework.boot.tomcat.GracefulShutdown] - Graceful shutdown complete
2025-12-19 00:44:26.510 [main] INFO  [o.s.d.r.config.RepositoryConfigurationDelegate] - Multiple Spring Data modules found, entering strict repository configuration mode
2025-12-19 00:44:26.511 [main] INFO  [o.s.d.r.config.RepositoryConfigurationDelegate] - Bootstrapping Spring Data Redis repositories in DEFAULT mode.
2025-12-19 00:44:26.524 [main] INFO  [o.s.d.r.config.RepositoryConfigurationDelegate] - Finished Spring Data repository scanning in 8 ms. Found 0 Redis repository interfaces.
2025-12-19 00:44:26.528 [main] INFO  [o.s.b.factory.support.DefaultListableBeanFactory] - Overriding bean definition for bean 'jacksonJsonMapper' with a different definition: replacing [Root bean: class=null; scope=; abstract=false; lazyInit=null; autowireMode=3; dependencyCheck=0; autowireCandidate=true; primary=true; fallback=false; factoryBeanName=jacksonConfig; factoryMethodName=jacksonJsonMapper; initMethodNames=null; destroyMethodNames=[(inferred)]; defined in class path resource [cloud/catfish/common/config/JacksonConfig.class]] with [Root bean: class=null; scope=; abstract=false; lazyInit=null; autowireMode=3; dependencyCheck=0; autowireCandidate=true; primary=true; fallback=false; factoryBeanName=org.springframework.boot.jackson.autoconfigure.JacksonAutoConfiguration; factoryMethodName=jacksonJsonMapper; initMethodNames=null; destroyMethodNames=[(inferred)]; defined in class path resource [org/springframework/boot/jackson/autoconfigure/JacksonAutoConfiguration.class]]
2025-12-19 00:44:26.779 [main] INFO  [org.springframework.boot.tomcat.TomcatWebServer] - Tomcat initialized with port 8085 (http)
2025-12-19 00:44:26.807 [main] INFO  [o.s.b.w.c.servlet.WebApplicationContextInitializer] - Root WebApplicationContext: initialization completed in 599 ms
2025-12-19 00:44:28.600 [main] INFO  [o.s.s.c.a.a.c.InitializeUserDetailsBeanManagerConfigurer$InitializeUserDetailsManagerConfigurer] - Global AuthenticationManager configured with UserDetailsService bean with name inMemoryUserDetailsManager
2025-12-19 00:44:28.906 [main] INFO  [org.springframework.boot.tomcat.TomcatWebServer] - Tomcat started on port 8085 (http) with context path '/'
2025-12-19 00:44:42.263 [SpringApplicationShutdownHook] INFO  [org.springframework.boot.tomcat.GracefulShutdown] - Commencing graceful shutdown. Waiting for active requests to complete
2025-12-19 00:44:42.265 [tomcat-shutdown] INFO  [org.springframework.boot.tomcat.GracefulShutdown] - Graceful shutdown complete
2025-12-19 00:44:58.450 [main] INFO  [o.s.d.r.config.RepositoryConfigurationDelegate] - Multiple Spring Data modules found, entering strict repository configuration mode
2025-12-19 00:44:58.451 [main] INFO  [o.s.d.r.config.RepositoryConfigurationDelegate] - Bootstrapping Spring Data Redis repositories in DEFAULT mode.
2025-12-19 00:44:58.460 [main] INFO  [o.s.d.r.config.RepositoryConfigurationDelegate] - Finished Spring Data repository scanning in 5 ms. Found 0 Redis repository interfaces.
2025-12-19 00:44:58.463 [main] INFO  [o.s.b.factory.support.DefaultListableBeanFactory] - Overriding bean definition for bean 'jacksonJsonMapper' with a different definition: replacing [Root bean: class=null; scope=; abstract=false; lazyInit=null; autowireMode=3; dependencyCheck=0; autowireCandidate=true; primary=true; fallback=false; factoryBeanName=jacksonConfig; factoryMethodName=jacksonJsonMapper; initMethodNames=null; destroyMethodNames=[(inferred)]; defined in class path resource [cloud/catfish/common/config/JacksonConfig.class]] with [Root bean: class=null; scope=; abstract=false; lazyInit=null; autowireMode=3; dependencyCheck=0; autowireCandidate=true; primary=true; fallback=false; factoryBeanName=org.springframework.boot.jackson.autoconfigure.JacksonAutoConfiguration; factoryMethodName=jacksonJsonMapper; initMethodNames=null; destroyMethodNames=[(inferred)]; defined in class path resource [org/springframework/boot/jackson/autoconfigure/JacksonAutoConfiguration.class]]
2025-12-19 00:44:58.663 [main] INFO  [org.springframework.boot.tomcat.TomcatWebServer] - Tomcat initialized with port 8085 (http)
2025-12-19 00:44:58.693 [main] INFO  [o.s.b.w.c.servlet.WebApplicationContextInitializer] - Root WebApplicationContext: initialization completed in 513 ms
2025-12-19 00:45:00.127 [main] INFO  [o.s.s.c.a.a.c.InitializeUserDetailsBeanManagerConfigurer$InitializeUserDetailsManagerConfigurer] - Global AuthenticationManager configured with UserDetailsService bean with name inMemoryUserDetailsManager
2025-12-19 00:45:00.438 [main] INFO  [org.springframework.boot.tomcat.TomcatWebServer] - Tomcat started on port 8085 (http) with context path '/'
2025-12-19 00:45:22.630 [SpringApplicationShutdownHook] INFO  [org.springframework.boot.tomcat.GracefulShutdown] - Commencing graceful shutdown. Waiting for active requests to complete
2025-12-19 00:45:22.632 [tomcat-shutdown] INFO  [org.springframework.boot.tomcat.GracefulShutdown] - Graceful shutdown complete
2025-12-19 00:45:26.746 [main] INFO  [o.s.d.r.config.RepositoryConfigurationDelegate] - Multiple Spring Data modules found, entering strict repository configuration mode
2025-12-19 00:45:26.747 [main] INFO  [o.s.d.r.config.RepositoryConfigurationDelegate] - Bootstrapping Spring Data Redis repositories in DEFAULT mode.
2025-12-19 00:45:26.757 [main] INFO  [o.s.d.r.config.RepositoryConfigurationDelegate] - Finished Spring Data repository scanning in 5 ms. Found 0 Redis repository interfaces.
2025-12-19 00:45:26.761 [main] INFO  [o.s.b.factory.support.DefaultListableBeanFactory] - Overriding bean definition for bean 'jacksonJsonMapper' with a different definition: replacing [Root bean: class=null; scope=; abstract=false; lazyInit=null; autowireMode=3; dependencyCheck=0; autowireCandidate=true; primary=true; fallback=false; factoryBeanName=jacksonConfig; factoryMethodName=jacksonJsonMapper; initMethodNames=null; destroyMethodNames=[(inferred)]; defined in class path resource [cloud/catfish/common/config/JacksonConfig.class]] with [Root bean: class=null; scope=; abstract=false; lazyInit=null; autowireMode=3; dependencyCheck=0; autowireCandidate=true; primary=true; fallback=false; factoryBeanName=org.springframework.boot.jackson.autoconfigure.JacksonAutoConfiguration; factoryMethodName=jacksonJsonMapper; initMethodNames=null; destroyMethodNames=[(inferred)]; defined in class path resource [org/springframework/boot/jackson/autoconfigure/JacksonAutoConfiguration.class]]
2025-12-19 00:45:26.987 [main] INFO  [org.springframework.boot.tomcat.TomcatWebServer] - Tomcat initialized with port 8085 (http)
2025-12-19 00:45:27.013 [main] INFO  [o.s.b.w.c.servlet.WebApplicationContextInitializer] - Root WebApplicationContext: initialization completed in 607 ms
2025-12-19 00:45:28.523 [main] INFO  [o.s.s.c.a.a.c.InitializeUserDetailsBeanManagerConfigurer$InitializeUserDetailsManagerConfigurer] - Global AuthenticationManager configured with UserDetailsService bean with name inMemoryUserDetailsManager
2025-12-19 00:45:28.823 [main] INFO  [org.springframework.boot.tomcat.TomcatWebServer] - Tomcat started on port 8085 (http) with context path '/'
2025-12-19 00:45:54.771 [SpringApplicationShutdownHook] INFO  [org.springframework.boot.tomcat.GracefulShutdown] - Commencing graceful shutdown. Waiting for active requests to complete
2025-12-19 00:45:54.775 [tomcat-shutdown] INFO  [org.springframework.boot.tomcat.GracefulShutdown] - Graceful shutdown complete
2025-12-19 00:46:23.318 [main] INFO  [o.s.d.r.config.RepositoryConfigurationDelegate] - Multiple Spring Data modules found, entering strict repository configuration mode
2025-12-19 00:46:23.319 [main] INFO  [o.s.d.r.config.RepositoryConfigurationDelegate] - Bootstrapping Spring Data Redis repositories in DEFAULT mode.
2025-12-19 00:46:23.330 [main] INFO  [o.s.d.r.config.RepositoryConfigurationDelegate] - Finished Spring Data repository scanning in 5 ms. Found 0 Redis repository interfaces.
2025-12-19 00:46:23.333 [main] INFO  [o.s.b.factory.support.DefaultListableBeanFactory] - Overriding bean definition for bean 'jacksonJsonMapper' with a different definition: replacing [Root bean: class=null; scope=; abstract=false; lazyInit=null; autowireMode=3; dependencyCheck=0; autowireCandidate=true; primary=true; fallback=false; factoryBeanName=jacksonConfig; factoryMethodName=jacksonJsonMapper; initMethodNames=null; destroyMethodNames=[(inferred)]; defined in class path resource [cloud/catfish/common/config/JacksonConfig.class]] with [Root bean: class=null; scope=; abstract=false; lazyInit=null; autowireMode=3; dependencyCheck=0; autowireCandidate=true; primary=true; fallback=false; factoryBeanName=org.springframework.boot.jackson.autoconfigure.JacksonAutoConfiguration; factoryMethodName=jacksonJsonMapper; initMethodNames=null; destroyMethodNames=[(inferred)]; defined in class path resource [org/springframework/boot/jackson/autoconfigure/JacksonAutoConfiguration.class]]
2025-12-19 00:46:23.551 [main] INFO  [org.springframework.boot.tomcat.TomcatWebServer] - Tomcat initialized with port 8085 (http)
2025-12-19 00:46:23.577 [main] INFO  [o.s.b.w.c.servlet.WebApplicationContextInitializer] - Root WebApplicationContext: initialization completed in 604 ms
2025-12-19 00:46:25.174 [main] INFO  [o.s.s.c.a.a.c.InitializeUserDetailsBeanManagerConfigurer$InitializeUserDetailsManagerConfigurer] - Global AuthenticationManager configured with UserDetailsService bean with name inMemoryUserDetailsManager
2025-12-19 00:46:25.493 [main] INFO  [org.springframework.boot.tomcat.TomcatWebServer] - Tomcat started on port 8085 (http) with context path '/'
2025-12-19 00:47:33.702 [org.springframework.kafka.KafkaListenerEndpointContainer#0-0-C-1] INFO  [o.s.kafka.listener.KafkaMessageListenerContainer] - data-group-v2: Consumer stopped
2025-12-19 00:47:33.703 [SpringApplicationShutdownHook] INFO  [org.springframework.boot.tomcat.GracefulShutdown] - Commencing graceful shutdown. Waiting for active requests to complete
2025-12-19 00:47:33.705 [tomcat-shutdown] INFO  [org.springframework.boot.tomcat.GracefulShutdown] - Graceful shutdown complete
2025-12-19 00:47:38.199 [main] INFO  [o.s.d.r.config.RepositoryConfigurationDelegate] - Multiple Spring Data modules found, entering strict repository configuration mode
2025-12-19 00:47:38.200 [main] INFO  [o.s.d.r.config.RepositoryConfigurationDelegate] - Bootstrapping Spring Data Redis repositories in DEFAULT mode.
2025-12-19 00:47:38.208 [main] INFO  [o.s.d.r.config.RepositoryConfigurationDelegate] - Finished Spring Data repository scanning in 4 ms. Found 0 Redis repository interfaces.
2025-12-19 00:47:38.211 [main] INFO  [o.s.b.factory.support.DefaultListableBeanFactory] - Overriding bean definition for bean 'jacksonJsonMapper' with a different definition: replacing [Root bean: class=null; scope=; abstract=false; lazyInit=null; autowireMode=3; dependencyCheck=0; autowireCandidate=true; primary=true; fallback=false; factoryBeanName=jacksonConfig; factoryMethodName=jacksonJsonMapper; initMethodNames=null; destroyMethodNames=[(inferred)]; defined in class path resource [cloud/catfish/common/config/JacksonConfig.class]] with [Root bean: class=null; scope=; abstract=false; lazyInit=null; autowireMode=3; dependencyCheck=0; autowireCandidate=true; primary=true; fallback=false; factoryBeanName=org.springframework.boot.jackson.autoconfigure.JacksonAutoConfiguration; factoryMethodName=jacksonJsonMapper; initMethodNames=null; destroyMethodNames=[(inferred)]; defined in class path resource [org/springframework/boot/jackson/autoconfigure/JacksonAutoConfiguration.class]]
2025-12-19 00:47:38.433 [main] INFO  [org.springframework.boot.tomcat.TomcatWebServer] - Tomcat initialized with port 8085 (http)
2025-12-19 00:47:38.461 [main] INFO  [o.s.b.w.c.servlet.WebApplicationContextInitializer] - Root WebApplicationContext: initialization completed in 535 ms
2025-12-19 00:47:39.995 [main] INFO  [o.s.s.c.a.a.c.InitializeUserDetailsBeanManagerConfigurer$InitializeUserDetailsManagerConfigurer] - Global AuthenticationManager configured with UserDetailsService bean with name inMemoryUserDetailsManager
2025-12-19 00:47:40.532 [main] INFO  [o.s.b.a.logging.ConditionEvaluationReportLogger] - 

Error starting ApplicationContext. To display the condition evaluation report re-run your application with 'debug' enabled.
2025-12-19 00:48:14.737 [main] INFO  [o.s.d.r.config.RepositoryConfigurationDelegate] - Multiple Spring Data modules found, entering strict repository configuration mode
2025-12-19 00:48:14.737 [main] INFO  [o.s.d.r.config.RepositoryConfigurationDelegate] - Bootstrapping Spring Data Redis repositories in DEFAULT mode.
2025-12-19 00:48:14.747 [main] INFO  [o.s.d.r.config.RepositoryConfigurationDelegate] - Finished Spring Data repository scanning in 5 ms. Found 0 Redis repository interfaces.
2025-12-19 00:48:14.749 [main] INFO  [o.s.b.factory.support.DefaultListableBeanFactory] - Overriding bean definition for bean 'jacksonJsonMapper' with a different definition: replacing [Root bean: class=null; scope=; abstract=false; lazyInit=null; autowireMode=3; dependencyCheck=0; autowireCandidate=true; primary=true; fallback=false; factoryBeanName=jacksonConfig; factoryMethodName=jacksonJsonMapper; initMethodNames=null; destroyMethodNames=[(inferred)]; defined in class path resource [cloud/catfish/common/config/JacksonConfig.class]] with [Root bean: class=null; scope=; abstract=false; lazyInit=null; autowireMode=3; dependencyCheck=0; autowireCandidate=true; primary=true; fallback=false; factoryBeanName=org.springframework.boot.jackson.autoconfigure.JacksonAutoConfiguration; factoryMethodName=jacksonJsonMapper; initMethodNames=null; destroyMethodNames=[(inferred)]; defined in class path resource [org/springframework/boot/jackson/autoconfigure/JacksonAutoConfiguration.class]]
2025-12-19 00:48:14.951 [main] INFO  [org.springframework.boot.tomcat.TomcatWebServer] - Tomcat initialized with port 8085 (http)
2025-12-19 00:48:14.974 [main] INFO  [o.s.b.w.c.servlet.WebApplicationContextInitializer] - Root WebApplicationContext: initialization completed in 499 ms
2025-12-19 00:48:16.506 [main] INFO  [o.s.s.c.a.a.c.InitializeUserDetailsBeanManagerConfigurer$InitializeUserDetailsManagerConfigurer] - Global AuthenticationManager configured with UserDetailsService bean with name inMemoryUserDetailsManager
2025-12-19 00:48:16.828 [main] INFO  [org.springframework.boot.tomcat.TomcatWebServer] - Tomcat started on port 8085 (http) with context path '/'
2025-12-19 00:48:58.411 [org.springframework.kafka.KafkaListenerEndpointContainer#0-0-C-1] INFO  [o.s.kafka.listener.KafkaMessageListenerContainer] - data-group-v2: Consumer stopped
2025-12-19 00:48:58.413 [SpringApplicationShutdownHook] INFO  [org.springframework.boot.tomcat.GracefulShutdown] - Commencing graceful shutdown. Waiting for active requests to complete
2025-12-19 00:48:58.416 [tomcat-shutdown] INFO  [org.springframework.boot.tomcat.GracefulShutdown] - Graceful shutdown complete
2025-12-19 00:49:02.256 [main] INFO  [o.s.d.r.config.RepositoryConfigurationDelegate] - Multiple Spring Data modules found, entering strict repository configuration mode
2025-12-19 00:49:02.257 [main] INFO  [o.s.d.r.config.RepositoryConfigurationDelegate] - Bootstrapping Spring Data Redis repositories in DEFAULT mode.
2025-12-19 00:49:02.266 [main] INFO  [o.s.d.r.config.RepositoryConfigurationDelegate] - Finished Spring Data repository scanning in 5 ms. Found 0 Redis repository interfaces.
2025-12-19 00:49:02.269 [main] INFO  [o.s.b.factory.support.DefaultListableBeanFactory] - Overriding bean definition for bean 'jacksonJsonMapper' with a different definition: replacing [Root bean: class=null; scope=; abstract=false; lazyInit=null; autowireMode=3; dependencyCheck=0; autowireCandidate=true; primary=true; fallback=false; factoryBeanName=jacksonConfig; factoryMethodName=jacksonJsonMapper; initMethodNames=null; destroyMethodNames=[(inferred)]; defined in class path resource [cloud/catfish/common/config/JacksonConfig.class]] with [Root bean: class=null; scope=; abstract=false; lazyInit=null; autowireMode=3; dependencyCheck=0; autowireCandidate=true; primary=true; fallback=false; factoryBeanName=org.springframework.boot.jackson.autoconfigure.JacksonAutoConfiguration; factoryMethodName=jacksonJsonMapper; initMethodNames=null; destroyMethodNames=[(inferred)]; defined in class path resource [org/springframework/boot/jackson/autoconfigure/JacksonAutoConfiguration.class]]
2025-12-19 00:49:02.475 [main] INFO  [org.springframework.boot.tomcat.TomcatWebServer] - Tomcat initialized with port 8085 (http)
2025-12-19 00:49:02.500 [main] INFO  [o.s.b.w.c.servlet.WebApplicationContextInitializer] - Root WebApplicationContext: initialization completed in 512 ms
2025-12-19 00:49:04.009 [main] INFO  [o.s.s.c.a.a.c.InitializeUserDetailsBeanManagerConfigurer$InitializeUserDetailsManagerConfigurer] - Global AuthenticationManager configured with UserDetailsService bean with name inMemoryUserDetailsManager
2025-12-19 00:49:04.327 [main] INFO  [org.springframework.boot.tomcat.TomcatWebServer] - Tomcat started on port 8085 (http) with context path '/'
2025-12-19 00:49:52.346 [org.springframework.kafka.KafkaListenerEndpointContainer#0-0-C-1] INFO  [o.s.kafka.listener.KafkaMessageListenerContainer] - data-group-v3-ce00b079-874d-47e8-9598-c70924095905: Consumer stopped
2025-12-19 00:49:52.348 [SpringApplicationShutdownHook] INFO  [org.springframework.boot.tomcat.GracefulShutdown] - Commencing graceful shutdown. Waiting for active requests to complete
2025-12-19 00:49:52.350 [tomcat-shutdown] INFO  [org.springframework.boot.tomcat.GracefulShutdown] - Graceful shutdown complete
2025-12-19 00:49:56.430 [main] INFO  [o.s.d.r.config.RepositoryConfigurationDelegate] - Multiple Spring Data modules found, entering strict repository configuration mode
2025-12-19 00:49:56.431 [main] INFO  [o.s.d.r.config.RepositoryConfigurationDelegate] - Bootstrapping Spring Data Redis repositories in DEFAULT mode.
2025-12-19 00:49:56.441 [main] INFO  [o.s.d.r.config.RepositoryConfigurationDelegate] - Finished Spring Data repository scanning in 5 ms. Found 0 Redis repository interfaces.
2025-12-19 00:49:56.444 [main] INFO  [o.s.b.factory.support.DefaultListableBeanFactory] - Overriding bean definition for bean 'jacksonJsonMapper' with a different definition: replacing [Root bean: class=null; scope=; abstract=false; lazyInit=null; autowireMode=3; dependencyCheck=0; autowireCandidate=true; primary=true; fallback=false; factoryBeanName=jacksonConfig; factoryMethodName=jacksonJsonMapper; initMethodNames=null; destroyMethodNames=[(inferred)]; defined in class path resource [cloud/catfish/common/config/JacksonConfig.class]] with [Root bean: class=null; scope=; abstract=false; lazyInit=null; autowireMode=3; dependencyCheck=0; autowireCandidate=true; primary=true; fallback=false; factoryBeanName=org.springframework.boot.jackson.autoconfigure.JacksonAutoConfiguration; factoryMethodName=jacksonJsonMapper; initMethodNames=null; destroyMethodNames=[(inferred)]; defined in class path resource [org/springframework/boot/jackson/autoconfigure/JacksonAutoConfiguration.class]]
2025-12-19 00:49:56.649 [main] INFO  [org.springframework.boot.tomcat.TomcatWebServer] - Tomcat initialized with port 8085 (http)
2025-12-19 00:49:56.674 [main] INFO  [o.s.b.w.c.servlet.WebApplicationContextInitializer] - Root WebApplicationContext: initialization completed in 529 ms
2025-12-19 00:49:58.243 [main] INFO  [o.s.s.c.a.a.c.InitializeUserDetailsBeanManagerConfigurer$InitializeUserDetailsManagerConfigurer] - Global AuthenticationManager configured with UserDetailsService bean with name inMemoryUserDetailsManager
2025-12-19 00:49:58.595 [main] INFO  [org.springframework.boot.tomcat.TomcatWebServer] - Tomcat started on port 8085 (http) with context path '/'
2025-12-19 00:50:38.880 [org.springframework.kafka.KafkaListenerEndpointContainer#0-0-C-1] INFO  [o.s.kafka.listener.KafkaMessageListenerContainer] - data-group-manual: Consumer stopped
2025-12-19 00:50:38.882 [SpringApplicationShutdownHook] INFO  [org.springframework.boot.tomcat.GracefulShutdown] - Commencing graceful shutdown. Waiting for active requests to complete
2025-12-19 00:50:38.883 [tomcat-shutdown] INFO  [org.springframework.boot.tomcat.GracefulShutdown] - Graceful shutdown complete
2025-12-19 00:50:43.057 [main] INFO  [o.s.d.r.config.RepositoryConfigurationDelegate] - Multiple Spring Data modules found, entering strict repository configuration mode
2025-12-19 00:50:43.058 [main] INFO  [o.s.d.r.config.RepositoryConfigurationDelegate] - Bootstrapping Spring Data Redis repositories in DEFAULT mode.
2025-12-19 00:50:43.071 [main] INFO  [o.s.d.r.config.RepositoryConfigurationDelegate] - Finished Spring Data repository scanning in 7 ms. Found 0 Redis repository interfaces.
2025-12-19 00:50:43.074 [main] INFO  [o.s.b.factory.support.DefaultListableBeanFactory] - Overriding bean definition for bean 'jacksonJsonMapper' with a different definition: replacing [Root bean: class=null; scope=; abstract=false; lazyInit=null; autowireMode=3; dependencyCheck=0; autowireCandidate=true; primary=true; fallback=false; factoryBeanName=jacksonConfig; factoryMethodName=jacksonJsonMapper; initMethodNames=null; destroyMethodNames=[(inferred)]; defined in class path resource [cloud/catfish/common/config/JacksonConfig.class]] with [Root bean: class=null; scope=; abstract=false; lazyInit=null; autowireMode=3; dependencyCheck=0; autowireCandidate=true; primary=true; fallback=false; factoryBeanName=org.springframework.boot.jackson.autoconfigure.JacksonAutoConfiguration; factoryMethodName=jacksonJsonMapper; initMethodNames=null; destroyMethodNames=[(inferred)]; defined in class path resource [org/springframework/boot/jackson/autoconfigure/JacksonAutoConfiguration.class]]
2025-12-19 00:50:43.292 [main] INFO  [org.springframework.boot.tomcat.TomcatWebServer] - Tomcat initialized with port 8085 (http)
2025-12-19 00:50:43.317 [main] INFO  [o.s.b.w.c.servlet.WebApplicationContextInitializer] - Root WebApplicationContext: initialization completed in 528 ms
2025-12-19 00:50:44.808 [main] INFO  [o.s.s.c.a.a.c.InitializeUserDetailsBeanManagerConfigurer$InitializeUserDetailsManagerConfigurer] - Global AuthenticationManager configured with UserDetailsService bean with name inMemoryUserDetailsManager
2025-12-19 00:50:45.123 [main] INFO  [org.springframework.boot.tomcat.TomcatWebServer] - Tomcat started on port 8085 (http) with context path '/'
2025-12-19 00:55:36.128 [main] INFO  [o.s.d.r.config.RepositoryConfigurationDelegate] - Multiple Spring Data modules found, entering strict repository configuration mode
2025-12-19 00:55:36.129 [main] INFO  [o.s.d.r.config.RepositoryConfigurationDelegate] - Bootstrapping Spring Data Redis repositories in DEFAULT mode.
2025-12-19 00:55:36.140 [main] INFO  [o.s.d.r.config.RepositoryConfigurationDelegate] - Finished Spring Data repository scanning in 5 ms. Found 0 Redis repository interfaces.
2025-12-19 00:55:36.143 [main] INFO  [o.s.b.factory.support.DefaultListableBeanFactory] - Overriding bean definition for bean 'jacksonJsonMapper' with a different definition: replacing [Root bean: class=null; scope=; abstract=false; lazyInit=null; autowireMode=3; dependencyCheck=0; autowireCandidate=true; primary=true; fallback=false; factoryBeanName=jacksonConfig; factoryMethodName=jacksonJsonMapper; initMethodNames=null; destroyMethodNames=[(inferred)]; defined in class path resource [cloud/catfish/common/config/JacksonConfig.class]] with [Root bean: class=null; scope=; abstract=false; lazyInit=null; autowireMode=3; dependencyCheck=0; autowireCandidate=true; primary=true; fallback=false; factoryBeanName=org.springframework.boot.jackson.autoconfigure.JacksonAutoConfiguration; factoryMethodName=jacksonJsonMapper; initMethodNames=null; destroyMethodNames=[(inferred)]; defined in class path resource [org/springframework/boot/jackson/autoconfigure/JacksonAutoConfiguration.class]]
2025-12-19 00:55:36.384 [main] INFO  [org.springframework.boot.tomcat.TomcatWebServer] - Tomcat initialized with port 8085 (http)
2025-12-19 00:55:36.415 [main] INFO  [o.s.b.w.c.servlet.WebApplicationContextInitializer] - Root WebApplicationContext: initialization completed in 623 ms
2025-12-19 00:55:38.065 [main] INFO  [o.s.s.c.a.a.c.InitializeUserDetailsBeanManagerConfigurer$InitializeUserDetailsManagerConfigurer] - Global AuthenticationManager configured with UserDetailsService bean with name inMemoryUserDetailsManager
2025-12-19 00:55:38.442 [main] INFO  [org.springframework.boot.tomcat.TomcatWebServer] - Tomcat started on port 8085 (http) with context path '/'
