2025-12-19 00:26:28.320 [main] WARN  [cloud.catfish.data.kafka.KafkaConsumerService] - No IP tag rules found in database.
2025-12-19 00:27:27.844 [main] WARN  [cloud.catfish.data.kafka.KafkaConsumerService] - No IP tag rules found in database.
2025-12-19 00:28:01.801 [main] WARN  [cloud.catfish.data.kafka.KafkaConsumerService] - No IP tag rules found in database.
2025-12-19 00:28:34.620 [main] WARN  [cloud.catfish.data.kafka.KafkaConsumerService] - No IP tag rules found in database.
2025-12-19 00:29:19.071 [main] WARN  [cloud.catfish.data.kafka.KafkaConsumerService] - No IP tag rules found in database.
2025-12-19 00:29:54.435 [main] WARN  [cloud.catfish.data.kafka.KafkaConsumerService] - No IP tag rules found in database.
2025-12-19 00:31:14.822 [main] WARN  [cloud.catfish.data.kafka.KafkaConsumerService] - No IP tag rules found in database.
2025-12-19 00:31:15.108 [main] WARN  [i.n.resolver.dns.DnsServerAddressStreamProviders] - Can not find io.netty.resolver.dns.macos.MacOSDnsServerAddressStreamProvider in the classpath, fallback to system defaults. This may result in incorrect DNS resolutions on MacOS. Check whether you have a dependency on 'io.netty:netty-resolver-dns-native-macos'
2025-12-19 00:31:15.222 [main] WARN  [org.springdoc.core.events.SpringDocAppInitializer] - SpringDoc /v3/api-docs endpoint is enabled by default. To disable it in production, set the property 'springdoc.api-docs.enabled=false'
2025-12-19 00:31:15.222 [main] WARN  [org.springdoc.core.events.SpringDocAppInitializer] - SpringDoc /swagger-ui.html endpoint is enabled by default. To disable it in production, set the property 'springdoc.swagger-ui.enabled=false'
2025-12-19 00:31:15.325 [scheduling-1] WARN  [cloud.catfish.data.kafka.KafkaConsumerService] - No IP tag rules found in database.
2025-12-19 00:31:15.842 [kafka-producer-network-thread | data-service-producer-1] WARN  [org.apache.kafka.clients.NetworkClient] - [Producer clientId=data-service-producer-1] The metadata response from the cluster reported a recoverable issue with correlation id 1 : {data-import-topic=UNKNOWN_TOPIC_OR_PARTITION}
2025-12-19 00:41:19.383 [main] WARN  [cloud.catfish.data.kafka.KafkaConsumerService] - No IP tag rules found in database.
2025-12-19 00:41:19.677 [main] WARN  [i.n.resolver.dns.DnsServerAddressStreamProviders] - Can not find io.netty.resolver.dns.macos.MacOSDnsServerAddressStreamProvider in the classpath, fallback to system defaults. This may result in incorrect DNS resolutions on MacOS. Check whether you have a dependency on 'io.netty:netty-resolver-dns-native-macos'
2025-12-19 00:41:57.072 [main] WARN  [cloud.catfish.data.kafka.KafkaConsumerService] - No IP tag rules found in database.
2025-12-19 00:41:57.351 [main] WARN  [i.n.resolver.dns.DnsServerAddressStreamProviders] - Can not find io.netty.resolver.dns.macos.MacOSDnsServerAddressStreamProvider in the classpath, fallback to system defaults. This may result in incorrect DNS resolutions on MacOS. Check whether you have a dependency on 'io.netty:netty-resolver-dns-native-macos'
2025-12-19 00:41:57.462 [main] WARN  [org.springdoc.core.events.SpringDocAppInitializer] - SpringDoc /v3/api-docs endpoint is enabled by default. To disable it in production, set the property 'springdoc.api-docs.enabled=false'
2025-12-19 00:41:57.462 [main] WARN  [org.springdoc.core.events.SpringDocAppInitializer] - SpringDoc /swagger-ui.html endpoint is enabled by default. To disable it in production, set the property 'springdoc.swagger-ui.enabled=false'
2025-12-19 00:41:57.554 [scheduling-1] WARN  [cloud.catfish.data.kafka.KafkaConsumerService] - No IP tag rules found in database.
2025-12-19 00:43:14.396 [main] WARN  [cloud.catfish.data.kafka.KafkaConsumerService] - No IP tag rules found in database.
2025-12-19 00:43:14.667 [main] WARN  [i.n.resolver.dns.DnsServerAddressStreamProviders] - Can not find io.netty.resolver.dns.macos.MacOSDnsServerAddressStreamProvider in the classpath, fallback to system defaults. This may result in incorrect DNS resolutions on MacOS. Check whether you have a dependency on 'io.netty:netty-resolver-dns-native-macos'
2025-12-19 00:43:14.781 [main] WARN  [org.springdoc.core.events.SpringDocAppInitializer] - SpringDoc /v3/api-docs endpoint is enabled by default. To disable it in production, set the property 'springdoc.api-docs.enabled=false'
2025-12-19 00:43:14.781 [main] WARN  [org.springdoc.core.events.SpringDocAppInitializer] - SpringDoc /swagger-ui.html endpoint is enabled by default. To disable it in production, set the property 'springdoc.swagger-ui.enabled=false'
2025-12-19 00:43:14.875 [scheduling-1] WARN  [cloud.catfish.data.kafka.KafkaConsumerService] - No IP tag rules found in database.
2025-12-19 00:44:28.503 [main] WARN  [cloud.catfish.data.kafka.KafkaConsumerService] - No IP tag rules found in database.
2025-12-19 00:44:28.794 [main] WARN  [i.n.resolver.dns.DnsServerAddressStreamProviders] - Can not find io.netty.resolver.dns.macos.MacOSDnsServerAddressStreamProvider in the classpath, fallback to system defaults. This may result in incorrect DNS resolutions on MacOS. Check whether you have a dependency on 'io.netty:netty-resolver-dns-native-macos'
2025-12-19 00:44:28.911 [main] WARN  [org.springdoc.core.events.SpringDocAppInitializer] - SpringDoc /v3/api-docs endpoint is enabled by default. To disable it in production, set the property 'springdoc.api-docs.enabled=false'
2025-12-19 00:44:28.911 [main] WARN  [org.springdoc.core.events.SpringDocAppInitializer] - SpringDoc /swagger-ui.html endpoint is enabled by default. To disable it in production, set the property 'springdoc.swagger-ui.enabled=false'
2025-12-19 00:44:29.001 [scheduling-1] WARN  [cloud.catfish.data.kafka.KafkaConsumerService] - No IP tag rules found in database.
2025-12-19 00:45:00.032 [main] WARN  [cloud.catfish.data.kafka.KafkaConsumerService] - No IP tag rules found in database.
2025-12-19 00:45:00.324 [main] WARN  [i.n.resolver.dns.DnsServerAddressStreamProviders] - Can not find io.netty.resolver.dns.macos.MacOSDnsServerAddressStreamProvider in the classpath, fallback to system defaults. This may result in incorrect DNS resolutions on MacOS. Check whether you have a dependency on 'io.netty:netty-resolver-dns-native-macos'
2025-12-19 00:45:00.444 [main] WARN  [org.springdoc.core.events.SpringDocAppInitializer] - SpringDoc /v3/api-docs endpoint is enabled by default. To disable it in production, set the property 'springdoc.api-docs.enabled=false'
2025-12-19 00:45:00.444 [main] WARN  [org.springdoc.core.events.SpringDocAppInitializer] - SpringDoc /swagger-ui.html endpoint is enabled by default. To disable it in production, set the property 'springdoc.swagger-ui.enabled=false'
2025-12-19 00:45:00.543 [scheduling-1] WARN  [cloud.catfish.data.kafka.KafkaConsumerService] - No IP tag rules found in database.
2025-12-19 00:45:28.424 [main] WARN  [cloud.catfish.data.kafka.KafkaConsumerService] - No IP tag rules found in database.
2025-12-19 00:45:28.709 [main] WARN  [i.n.resolver.dns.DnsServerAddressStreamProviders] - Can not find io.netty.resolver.dns.macos.MacOSDnsServerAddressStreamProvider in the classpath, fallback to system defaults. This may result in incorrect DNS resolutions on MacOS. Check whether you have a dependency on 'io.netty:netty-resolver-dns-native-macos'
2025-12-19 00:45:28.829 [main] WARN  [org.springdoc.core.events.SpringDocAppInitializer] - SpringDoc /v3/api-docs endpoint is enabled by default. To disable it in production, set the property 'springdoc.api-docs.enabled=false'
2025-12-19 00:45:28.829 [main] WARN  [org.springdoc.core.events.SpringDocAppInitializer] - SpringDoc /swagger-ui.html endpoint is enabled by default. To disable it in production, set the property 'springdoc.swagger-ui.enabled=false'
2025-12-19 00:45:28.918 [scheduling-1] WARN  [cloud.catfish.data.kafka.KafkaConsumerService] - No IP tag rules found in database.
2025-12-19 00:46:25.062 [main] WARN  [cloud.catfish.data.kafka.KafkaConsumerService] - No IP tag rules found in database.
2025-12-19 00:46:25.371 [main] WARN  [i.n.resolver.dns.DnsServerAddressStreamProviders] - Can not find io.netty.resolver.dns.macos.MacOSDnsServerAddressStreamProvider in the classpath, fallback to system defaults. This may result in incorrect DNS resolutions on MacOS. Check whether you have a dependency on 'io.netty:netty-resolver-dns-native-macos'
2025-12-19 00:46:25.554 [main] WARN  [org.springdoc.core.events.SpringDocAppInitializer] - SpringDoc /v3/api-docs endpoint is enabled by default. To disable it in production, set the property 'springdoc.api-docs.enabled=false'
2025-12-19 00:46:25.554 [main] WARN  [org.springdoc.core.events.SpringDocAppInitializer] - SpringDoc /swagger-ui.html endpoint is enabled by default. To disable it in production, set the property 'springdoc.swagger-ui.enabled=false'
2025-12-19 00:46:25.645 [scheduling-1] WARN  [cloud.catfish.data.kafka.KafkaConsumerService] - No IP tag rules found in database.
2025-12-19 00:47:39.889 [main] WARN  [cloud.catfish.data.kafka.KafkaConsumerService] - No IP tag rules found in database.
2025-12-19 00:47:40.208 [main] WARN  [i.n.resolver.dns.DnsServerAddressStreamProviders] - Can not find io.netty.resolver.dns.macos.MacOSDnsServerAddressStreamProvider in the classpath, fallback to system defaults. This may result in incorrect DNS resolutions on MacOS. Check whether you have a dependency on 'io.netty:netty-resolver-dns-native-macos'
2025-12-19 00:48:16.405 [main] WARN  [cloud.catfish.data.kafka.KafkaConsumerService] - No IP tag rules found in database.
2025-12-19 00:48:16.699 [main] WARN  [i.n.resolver.dns.DnsServerAddressStreamProviders] - Can not find io.netty.resolver.dns.macos.MacOSDnsServerAddressStreamProvider in the classpath, fallback to system defaults. This may result in incorrect DNS resolutions on MacOS. Check whether you have a dependency on 'io.netty:netty-resolver-dns-native-macos'
2025-12-19 00:48:16.896 [main] WARN  [org.springdoc.core.events.SpringDocAppInitializer] - SpringDoc /v3/api-docs endpoint is enabled by default. To disable it in production, set the property 'springdoc.api-docs.enabled=false'
2025-12-19 00:48:16.896 [main] WARN  [org.springdoc.core.events.SpringDocAppInitializer] - SpringDoc /swagger-ui.html endpoint is enabled by default. To disable it in production, set the property 'springdoc.swagger-ui.enabled=false'
2025-12-19 00:48:16.995 [scheduling-1] WARN  [cloud.catfish.data.kafka.KafkaConsumerService] - No IP tag rules found in database.
2025-12-19 00:49:03.898 [main] WARN  [cloud.catfish.data.kafka.KafkaConsumerService] - No IP tag rules found in database.
2025-12-19 00:49:04.206 [main] WARN  [i.n.resolver.dns.DnsServerAddressStreamProviders] - Can not find io.netty.resolver.dns.macos.MacOSDnsServerAddressStreamProvider in the classpath, fallback to system defaults. This may result in incorrect DNS resolutions on MacOS. Check whether you have a dependency on 'io.netty:netty-resolver-dns-native-macos'
2025-12-19 00:49:04.386 [main] WARN  [org.springdoc.core.events.SpringDocAppInitializer] - SpringDoc /v3/api-docs endpoint is enabled by default. To disable it in production, set the property 'springdoc.api-docs.enabled=false'
2025-12-19 00:49:04.387 [main] WARN  [org.springdoc.core.events.SpringDocAppInitializer] - SpringDoc /swagger-ui.html endpoint is enabled by default. To disable it in production, set the property 'springdoc.swagger-ui.enabled=false'
2025-12-19 00:49:04.480 [scheduling-1] WARN  [cloud.catfish.data.kafka.KafkaConsumerService] - No IP tag rules found in database.
2025-12-19 00:49:58.137 [main] WARN  [cloud.catfish.data.kafka.KafkaConsumerService] - No IP tag rules found in database.
2025-12-19 00:49:58.464 [main] WARN  [i.n.resolver.dns.DnsServerAddressStreamProviders] - Can not find io.netty.resolver.dns.macos.MacOSDnsServerAddressStreamProvider in the classpath, fallback to system defaults. This may result in incorrect DNS resolutions on MacOS. Check whether you have a dependency on 'io.netty:netty-resolver-dns-native-macos'
2025-12-19 00:49:58.657 [main] WARN  [org.springdoc.core.events.SpringDocAppInitializer] - SpringDoc /v3/api-docs endpoint is enabled by default. To disable it in production, set the property 'springdoc.api-docs.enabled=false'
2025-12-19 00:49:58.657 [main] WARN  [org.springdoc.core.events.SpringDocAppInitializer] - SpringDoc /swagger-ui.html endpoint is enabled by default. To disable it in production, set the property 'springdoc.swagger-ui.enabled=false'
2025-12-19 00:49:58.838 [scheduling-1] WARN  [cloud.catfish.data.kafka.KafkaConsumerService] - No IP tag rules found in database.
2025-12-19 00:50:44.701 [main] WARN  [cloud.catfish.data.kafka.KafkaConsumerService] - No IP tag rules found in database.
2025-12-19 00:50:44.997 [main] WARN  [i.n.resolver.dns.DnsServerAddressStreamProviders] - Can not find io.netty.resolver.dns.macos.MacOSDnsServerAddressStreamProvider in the classpath, fallback to system defaults. This may result in incorrect DNS resolutions on MacOS. Check whether you have a dependency on 'io.netty:netty-resolver-dns-native-macos'
2025-12-19 00:50:45.185 [main] WARN  [org.springdoc.core.events.SpringDocAppInitializer] - SpringDoc /v3/api-docs endpoint is enabled by default. To disable it in production, set the property 'springdoc.api-docs.enabled=false'
2025-12-19 00:50:45.185 [main] WARN  [org.springdoc.core.events.SpringDocAppInitializer] - SpringDoc /swagger-ui.html endpoint is enabled by default. To disable it in production, set the property 'springdoc.swagger-ui.enabled=false'
2025-12-19 00:50:45.282 [scheduling-1] WARN  [cloud.catfish.data.kafka.KafkaConsumerService] - No IP tag rules found in database.
2025-12-19 00:55:37.949 [main] WARN  [cloud.catfish.data.kafka.KafkaConsumerService] - No IP tag rules found in database.
2025-12-19 00:55:38.299 [main] WARN  [i.n.resolver.dns.DnsServerAddressStreamProviders] - Can not find io.netty.resolver.dns.macos.MacOSDnsServerAddressStreamProvider in the classpath, fallback to system defaults. This may result in incorrect DNS resolutions on MacOS. Check whether you have a dependency on 'io.netty:netty-resolver-dns-native-macos'
2025-12-19 00:55:38.504 [main] WARN  [org.springdoc.core.events.SpringDocAppInitializer] - SpringDoc /v3/api-docs endpoint is enabled by default. To disable it in production, set the property 'springdoc.api-docs.enabled=false'
2025-12-19 00:55:38.504 [main] WARN  [org.springdoc.core.events.SpringDocAppInitializer] - SpringDoc /swagger-ui.html endpoint is enabled by default. To disable it in production, set the property 'springdoc.swagger-ui.enabled=false'
2025-12-19 00:55:38.674 [scheduling-1] WARN  [cloud.catfish.data.kafka.KafkaConsumerService] - No IP tag rules found in database.
