2025-12-19 16:42:37.944 [main] WARN  [org.mybatis.spring.mapper.ClassPathMapperScanner] - Skipping MapperFactoryBean with name 'umsAdminRoleRelationDao' and 'cloud.catfish.admin.dao.UmsAdminRoleRelationDao' mapperInterface. Bean already defined with the same name!
2025-12-19 16:42:37.944 [main] WARN  [org.mybatis.spring.mapper.ClassPathMapperScanner] - Skipping MapperFactoryBean with name 'umsRoleDao' and 'cloud.catfish.admin.dao.UmsRoleDao' mapperInterface. Bean already defined with the same name!
2025-12-19 16:42:37.945 [main] WARN  [org.mybatis.spring.mapper.ClassPathMapperScanner] - Skipping MapperFactoryBean with name 'ipTagRuleMapper' and 'cloud.catfish.mbg.mapper.IpTagRuleMapper' mapperInterface. Bean already defined with the same name!
2025-12-19 16:42:37.956 [main] WARN  [org.mybatis.spring.mapper.ClassPathMapperScanner] - Skipping MapperFactoryBean with name 'umsAdminLoginLogMapper' and 'cloud.catfish.mbg.mapper.UmsAdminLoginLogMapper' mapperInterface. Bean already defined with the same name!
2025-12-19 16:42:37.957 [main] WARN  [org.mybatis.spring.mapper.ClassPathMapperScanner] - Skipping MapperFactoryBean with name 'umsAdminMapper' and 'cloud.catfish.mbg.mapper.UmsAdminMapper' mapperInterface. Bean already defined with the same name!
2025-12-19 16:42:37.957 [main] WARN  [org.mybatis.spring.mapper.ClassPathMapperScanner] - Skipping MapperFactoryBean with name 'umsAdminPermissionRelationMapper' and 'cloud.catfish.mbg.mapper.UmsAdminPermissionRelationMapper' mapperInterface. Bean already defined with the same name!
2025-12-19 16:42:37.957 [main] WARN  [org.mybatis.spring.mapper.ClassPathMapperScanner] - Skipping MapperFactoryBean with name 'umsAdminRoleRelationMapper' and 'cloud.catfish.mbg.mapper.UmsAdminRoleRelationMapper' mapperInterface. Bean already defined with the same name!
2025-12-19 16:42:37.958 [main] WARN  [org.mybatis.spring.mapper.ClassPathMapperScanner] - Skipping MapperFactoryBean with name 'umsGrowthChangeHistoryMapper' and 'cloud.catfish.mbg.mapper.UmsGrowthChangeHistoryMapper' mapperInterface. Bean already defined with the same name!
2025-12-19 16:42:37.958 [main] WARN  [org.mybatis.spring.mapper.ClassPathMapperScanner] - Skipping MapperFactoryBean with name 'umsIntegrationChangeHistoryMapper' and 'cloud.catfish.mbg.mapper.UmsIntegrationChangeHistoryMapper' mapperInterface. Bean already defined with the same name!
2025-12-19 16:42:37.958 [main] WARN  [org.mybatis.spring.mapper.ClassPathMapperScanner] - Skipping MapperFactoryBean with name 'umsIntegrationConsumeSettingMapper' and 'cloud.catfish.mbg.mapper.UmsIntegrationConsumeSettingMapper' mapperInterface. Bean already defined with the same name!
2025-12-19 16:42:37.959 [main] WARN  [org.mybatis.spring.mapper.ClassPathMapperScanner] - Skipping MapperFactoryBean with name 'umsMemberLevelMapper' and 'cloud.catfish.mbg.mapper.UmsMemberLevelMapper' mapperInterface. Bean already defined with the same name!
2025-12-19 16:42:37.959 [main] WARN  [org.mybatis.spring.mapper.ClassPathMapperScanner] - Skipping MapperFactoryBean with name 'umsMemberLoginLogMapper' and 'cloud.catfish.mbg.mapper.UmsMemberLoginLogMapper' mapperInterface. Bean already defined with the same name!
2025-12-19 16:42:37.959 [main] WARN  [org.mybatis.spring.mapper.ClassPathMapperScanner] - Skipping MapperFactoryBean with name 'umsMemberMapper' and 'cloud.catfish.mbg.mapper.UmsMemberMapper' mapperInterface. Bean already defined with the same name!
2025-12-19 16:42:37.959 [main] WARN  [org.mybatis.spring.mapper.ClassPathMapperScanner] - Skipping MapperFactoryBean with name 'umsMemberMemberTagRelationMapper' and 'cloud.catfish.mbg.mapper.UmsMemberMemberTagRelationMapper' mapperInterface. Bean already defined with the same name!
2025-12-19 16:42:37.959 [main] WARN  [org.mybatis.spring.mapper.ClassPathMapperScanner] - Skipping MapperFactoryBean with name 'umsMemberProductCategoryRelationMapper' and 'cloud.catfish.mbg.mapper.UmsMemberProductCategoryRelationMapper' mapperInterface. Bean already defined with the same name!
2025-12-19 16:42:37.960 [main] WARN  [org.mybatis.spring.mapper.ClassPathMapperScanner] - Skipping MapperFactoryBean with name 'umsMemberReceiveAddressMapper' and 'cloud.catfish.mbg.mapper.UmsMemberReceiveAddressMapper' mapperInterface. Bean already defined with the same name!
2025-12-19 16:42:37.960 [main] WARN  [org.mybatis.spring.mapper.ClassPathMapperScanner] - Skipping MapperFactoryBean with name 'umsMemberRuleSettingMapper' and 'cloud.catfish.mbg.mapper.UmsMemberRuleSettingMapper' mapperInterface. Bean already defined with the same name!
2025-12-19 16:42:37.962 [main] WARN  [org.mybatis.spring.mapper.ClassPathMapperScanner] - Skipping MapperFactoryBean with name 'umsMemberStatisticsInfoMapper' and 'cloud.catfish.mbg.mapper.UmsMemberStatisticsInfoMapper' mapperInterface. Bean already defined with the same name!
2025-12-19 16:42:37.962 [main] WARN  [org.mybatis.spring.mapper.ClassPathMapperScanner] - Skipping MapperFactoryBean with name 'umsMemberTagMapper' and 'cloud.catfish.mbg.mapper.UmsMemberTagMapper' mapperInterface. Bean already defined with the same name!
2025-12-19 16:42:37.963 [main] WARN  [org.mybatis.spring.mapper.ClassPathMapperScanner] - Skipping MapperFactoryBean with name 'umsMemberTaskMapper' and 'cloud.catfish.mbg.mapper.UmsMemberTaskMapper' mapperInterface. Bean already defined with the same name!
2025-12-19 16:42:37.963 [main] WARN  [org.mybatis.spring.mapper.ClassPathMapperScanner] - Skipping MapperFactoryBean with name 'umsMenuMapper' and 'cloud.catfish.mbg.mapper.UmsMenuMapper' mapperInterface. Bean already defined with the same name!
2025-12-19 16:42:37.964 [main] WARN  [org.mybatis.spring.mapper.ClassPathMapperScanner] - Skipping MapperFactoryBean with name 'umsPermissionMapper' and 'cloud.catfish.mbg.mapper.UmsPermissionMapper' mapperInterface. Bean already defined with the same name!
2025-12-19 16:42:37.964 [main] WARN  [org.mybatis.spring.mapper.ClassPathMapperScanner] - Skipping MapperFactoryBean with name 'umsResourceCategoryMapper' and 'cloud.catfish.mbg.mapper.UmsResourceCategoryMapper' mapperInterface. Bean already defined with the same name!
2025-12-19 16:42:37.965 [main] WARN  [org.mybatis.spring.mapper.ClassPathMapperScanner] - Skipping MapperFactoryBean with name 'umsResourceMapper' and 'cloud.catfish.mbg.mapper.UmsResourceMapper' mapperInterface. Bean already defined with the same name!
2025-12-19 16:42:37.965 [main] WARN  [org.mybatis.spring.mapper.ClassPathMapperScanner] - Skipping MapperFactoryBean with name 'umsRoleMapper' and 'cloud.catfish.mbg.mapper.UmsRoleMapper' mapperInterface. Bean already defined with the same name!
2025-12-19 16:42:37.965 [main] WARN  [org.mybatis.spring.mapper.ClassPathMapperScanner] - Skipping MapperFactoryBean with name 'umsRoleMenuRelationMapper' and 'cloud.catfish.mbg.mapper.UmsRoleMenuRelationMapper' mapperInterface. Bean already defined with the same name!
2025-12-19 16:42:37.965 [main] WARN  [org.mybatis.spring.mapper.ClassPathMapperScanner] - Skipping MapperFactoryBean with name 'umsRolePermissionRelationMapper' and 'cloud.catfish.mbg.mapper.UmsRolePermissionRelationMapper' mapperInterface. Bean already defined with the same name!
2025-12-19 16:42:37.965 [main] WARN  [org.mybatis.spring.mapper.ClassPathMapperScanner] - Skipping MapperFactoryBean with name 'umsRoleResourceRelationMapper' and 'cloud.catfish.mbg.mapper.UmsRoleResourceRelationMapper' mapperInterface. Bean already defined with the same name!
2025-12-19 16:42:37.965 [main] WARN  [org.mybatis.spring.mapper.ClassPathMapperScanner] - Skipping MapperFactoryBean with name 'xlcDroneStatusMapper' and 'cloud.catfish.mbg.mapper.XlcDroneStatusMapper' mapperInterface. Bean already defined with the same name!
2025-12-19 16:42:37.967 [main] WARN  [org.mybatis.spring.mapper.ClassPathMapperScanner] - Skipping MapperFactoryBean with name 'xlcSignalDataStatusMapper' and 'cloud.catfish.mbg.mapper.XlcSignalDataStatusMapper' mapperInterface. Bean already defined with the same name!
2025-12-19 16:42:37.967 [main] WARN  [org.mybatis.spring.mapper.ClassPathMapperScanner] - No MyBatis mapper was found in '[cloud.catfish.admin.dao, cloud.catfish.mbg.mapper]' package. Please check your configuration.
2025-12-19 16:43:47.531 [main] WARN  [org.mybatis.spring.mapper.ClassPathMapperScanner] - Skipping MapperFactoryBean with name 'umsAdminRoleRelationDao' and 'cloud.catfish.admin.dao.UmsAdminRoleRelationDao' mapperInterface. Bean already defined with the same name!
2025-12-19 16:43:47.532 [main] WARN  [org.mybatis.spring.mapper.ClassPathMapperScanner] - Skipping MapperFactoryBean with name 'umsRoleDao' and 'cloud.catfish.admin.dao.UmsRoleDao' mapperInterface. Bean already defined with the same name!
2025-12-19 16:43:47.534 [main] WARN  [org.mybatis.spring.mapper.ClassPathMapperScanner] - Skipping MapperFactoryBean with name 'ipTagRuleMapper' and 'cloud.catfish.mbg.mapper.IpTagRuleMapper' mapperInterface. Bean already defined with the same name!
2025-12-19 16:43:47.536 [main] WARN  [org.mybatis.spring.mapper.ClassPathMapperScanner] - Skipping MapperFactoryBean with name 'umsAdminLoginLogMapper' and 'cloud.catfish.mbg.mapper.UmsAdminLoginLogMapper' mapperInterface. Bean already defined with the same name!
2025-12-19 16:43:47.536 [main] WARN  [org.mybatis.spring.mapper.ClassPathMapperScanner] - Skipping MapperFactoryBean with name 'umsAdminMapper' and 'cloud.catfish.mbg.mapper.UmsAdminMapper' mapperInterface. Bean already defined with the same name!
2025-12-19 16:43:47.536 [main] WARN  [org.mybatis.spring.mapper.ClassPathMapperScanner] - Skipping MapperFactoryBean with name 'umsAdminPermissionRelationMapper' and 'cloud.catfish.mbg.mapper.UmsAdminPermissionRelationMapper' mapperInterface. Bean already defined with the same name!
2025-12-19 16:43:47.536 [main] WARN  [org.mybatis.spring.mapper.ClassPathMapperScanner] - Skipping MapperFactoryBean with name 'umsAdminRoleRelationMapper' and 'cloud.catfish.mbg.mapper.UmsAdminRoleRelationMapper' mapperInterface. Bean already defined with the same name!
2025-12-19 16:43:47.536 [main] WARN  [org.mybatis.spring.mapper.ClassPathMapperScanner] - Skipping MapperFactoryBean with name 'umsGrowthChangeHistoryMapper' and 'cloud.catfish.mbg.mapper.UmsGrowthChangeHistoryMapper' mapperInterface. Bean already defined with the same name!
2025-12-19 16:43:47.537 [main] WARN  [org.mybatis.spring.mapper.ClassPathMapperScanner] - Skipping MapperFactoryBean with name 'umsIntegrationChangeHistoryMapper' and 'cloud.catfish.mbg.mapper.UmsIntegrationChangeHistoryMapper' mapperInterface. Bean already defined with the same name!
2025-12-19 16:43:47.537 [main] WARN  [org.mybatis.spring.mapper.ClassPathMapperScanner] - Skipping MapperFactoryBean with name 'umsIntegrationConsumeSettingMapper' and 'cloud.catfish.mbg.mapper.UmsIntegrationConsumeSettingMapper' mapperInterface. Bean already defined with the same name!
2025-12-19 16:43:47.538 [main] WARN  [org.mybatis.spring.mapper.ClassPathMapperScanner] - Skipping MapperFactoryBean with name 'umsMemberLevelMapper' and 'cloud.catfish.mbg.mapper.UmsMemberLevelMapper' mapperInterface. Bean already defined with the same name!
2025-12-19 16:43:47.538 [main] WARN  [org.mybatis.spring.mapper.ClassPathMapperScanner] - Skipping MapperFactoryBean with name 'umsMemberLoginLogMapper' and 'cloud.catfish.mbg.mapper.UmsMemberLoginLogMapper' mapperInterface. Bean already defined with the same name!
2025-12-19 16:43:47.538 [main] WARN  [org.mybatis.spring.mapper.ClassPathMapperScanner] - Skipping MapperFactoryBean with name 'umsMemberMapper' and 'cloud.catfish.mbg.mapper.UmsMemberMapper' mapperInterface. Bean already defined with the same name!
2025-12-19 16:43:47.539 [main] WARN  [org.mybatis.spring.mapper.ClassPathMapperScanner] - Skipping MapperFactoryBean with name 'umsMemberMemberTagRelationMapper' and 'cloud.catfish.mbg.mapper.UmsMemberMemberTagRelationMapper' mapperInterface. Bean already defined with the same name!
2025-12-19 16:43:47.539 [main] WARN  [org.mybatis.spring.mapper.ClassPathMapperScanner] - Skipping MapperFactoryBean with name 'umsMemberProductCategoryRelationMapper' and 'cloud.catfish.mbg.mapper.UmsMemberProductCategoryRelationMapper' mapperInterface. Bean already defined with the same name!
2025-12-19 16:43:47.540 [main] WARN  [org.mybatis.spring.mapper.ClassPathMapperScanner] - Skipping MapperFactoryBean with name 'umsMemberReceiveAddressMapper' and 'cloud.catfish.mbg.mapper.UmsMemberReceiveAddressMapper' mapperInterface. Bean already defined with the same name!
2025-12-19 16:43:47.540 [main] WARN  [org.mybatis.spring.mapper.ClassPathMapperScanner] - Skipping MapperFactoryBean with name 'umsMemberRuleSettingMapper' and 'cloud.catfish.mbg.mapper.UmsMemberRuleSettingMapper' mapperInterface. Bean already defined with the same name!
2025-12-19 16:43:47.541 [main] WARN  [org.mybatis.spring.mapper.ClassPathMapperScanner] - Skipping MapperFactoryBean with name 'umsMemberStatisticsInfoMapper' and 'cloud.catfish.mbg.mapper.UmsMemberStatisticsInfoMapper' mapperInterface. Bean already defined with the same name!
2025-12-19 16:43:47.541 [main] WARN  [org.mybatis.spring.mapper.ClassPathMapperScanner] - Skipping MapperFactoryBean with name 'umsMemberTagMapper' and 'cloud.catfish.mbg.mapper.UmsMemberTagMapper' mapperInterface. Bean already defined with the same name!
2025-12-19 16:43:47.541 [main] WARN  [org.mybatis.spring.mapper.ClassPathMapperScanner] - Skipping MapperFactoryBean with name 'umsMemberTaskMapper' and 'cloud.catfish.mbg.mapper.UmsMemberTaskMapper' mapperInterface. Bean already defined with the same name!
2025-12-19 16:43:47.542 [main] WARN  [org.mybatis.spring.mapper.ClassPathMapperScanner] - Skipping MapperFactoryBean with name 'umsMenuMapper' and 'cloud.catfish.mbg.mapper.UmsMenuMapper' mapperInterface. Bean already defined with the same name!
2025-12-19 16:43:47.542 [main] WARN  [org.mybatis.spring.mapper.ClassPathMapperScanner] - Skipping MapperFactoryBean with name 'umsPermissionMapper' and 'cloud.catfish.mbg.mapper.UmsPermissionMapper' mapperInterface. Bean already defined with the same name!
2025-12-19 16:43:47.542 [main] WARN  [org.mybatis.spring.mapper.ClassPathMapperScanner] - Skipping MapperFactoryBean with name 'umsResourceCategoryMapper' and 'cloud.catfish.mbg.mapper.UmsResourceCategoryMapper' mapperInterface. Bean already defined with the same name!
2025-12-19 16:43:47.542 [main] WARN  [org.mybatis.spring.mapper.ClassPathMapperScanner] - Skipping MapperFactoryBean with name 'umsResourceMapper' and 'cloud.catfish.mbg.mapper.UmsResourceMapper' mapperInterface. Bean already defined with the same name!
2025-12-19 16:43:47.543 [main] WARN  [org.mybatis.spring.mapper.ClassPathMapperScanner] - Skipping MapperFactoryBean with name 'umsRoleMapper' and 'cloud.catfish.mbg.mapper.UmsRoleMapper' mapperInterface. Bean already defined with the same name!
2025-12-19 16:43:47.543 [main] WARN  [org.mybatis.spring.mapper.ClassPathMapperScanner] - Skipping MapperFactoryBean with name 'umsRoleMenuRelationMapper' and 'cloud.catfish.mbg.mapper.UmsRoleMenuRelationMapper' mapperInterface. Bean already defined with the same name!
2025-12-19 16:43:47.543 [main] WARN  [org.mybatis.spring.mapper.ClassPathMapperScanner] - Skipping MapperFactoryBean with name 'umsRolePermissionRelationMapper' and 'cloud.catfish.mbg.mapper.UmsRolePermissionRelationMapper' mapperInterface. Bean already defined with the same name!
2025-12-19 16:43:47.544 [main] WARN  [org.mybatis.spring.mapper.ClassPathMapperScanner] - Skipping MapperFactoryBean with name 'umsRoleResourceRelationMapper' and 'cloud.catfish.mbg.mapper.UmsRoleResourceRelationMapper' mapperInterface. Bean already defined with the same name!
2025-12-19 16:43:47.545 [main] WARN  [org.mybatis.spring.mapper.ClassPathMapperScanner] - Skipping MapperFactoryBean with name 'xlcDroneStatusMapper' and 'cloud.catfish.mbg.mapper.XlcDroneStatusMapper' mapperInterface. Bean already defined with the same name!
2025-12-19 16:43:47.545 [main] WARN  [org.mybatis.spring.mapper.ClassPathMapperScanner] - Skipping MapperFactoryBean with name 'xlcSignalDataStatusMapper' and 'cloud.catfish.mbg.mapper.XlcSignalDataStatusMapper' mapperInterface. Bean already defined with the same name!
2025-12-19 16:43:47.546 [main] WARN  [org.mybatis.spring.mapper.ClassPathMapperScanner] - No MyBatis mapper was found in '[cloud.catfish.admin.dao, cloud.catfish.mbg.mapper]' package. Please check your configuration.
2025-12-19 16:45:52.593 [main] WARN  [org.mybatis.spring.mapper.ClassPathMapperScanner] - Skipping MapperFactoryBean with name 'umsAdminRoleRelationDao' and 'cloud.catfish.admin.dao.UmsAdminRoleRelationDao' mapperInterface. Bean already defined with the same name!
2025-12-19 16:45:52.593 [main] WARN  [org.mybatis.spring.mapper.ClassPathMapperScanner] - Skipping MapperFactoryBean with name 'umsRoleDao' and 'cloud.catfish.admin.dao.UmsRoleDao' mapperInterface. Bean already defined with the same name!
2025-12-19 16:45:52.594 [main] WARN  [org.mybatis.spring.mapper.ClassPathMapperScanner] - Skipping MapperFactoryBean with name 'ipTagRuleMapper' and 'cloud.catfish.mbg.mapper.IpTagRuleMapper' mapperInterface. Bean already defined with the same name!
2025-12-19 16:45:52.595 [main] WARN  [org.mybatis.spring.mapper.ClassPathMapperScanner] - Skipping MapperFactoryBean with name 'umsAdminLoginLogMapper' and 'cloud.catfish.mbg.mapper.UmsAdminLoginLogMapper' mapperInterface. Bean already defined with the same name!
2025-12-19 16:45:52.595 [main] WARN  [org.mybatis.spring.mapper.ClassPathMapperScanner] - Skipping MapperFactoryBean with name 'umsAdminMapper' and 'cloud.catfish.mbg.mapper.UmsAdminMapper' mapperInterface. Bean already defined with the same name!
2025-12-19 16:45:52.595 [main] WARN  [org.mybatis.spring.mapper.ClassPathMapperScanner] - Skipping MapperFactoryBean with name 'umsAdminPermissionRelationMapper' and 'cloud.catfish.mbg.mapper.UmsAdminPermissionRelationMapper' mapperInterface. Bean already defined with the same name!
2025-12-19 16:45:52.595 [main] WARN  [org.mybatis.spring.mapper.ClassPathMapperScanner] - Skipping MapperFactoryBean with name 'umsAdminRoleRelationMapper' and 'cloud.catfish.mbg.mapper.UmsAdminRoleRelationMapper' mapperInterface. Bean already defined with the same name!
2025-12-19 16:45:52.596 [main] WARN  [org.mybatis.spring.mapper.ClassPathMapperScanner] - Skipping MapperFactoryBean with name 'umsGrowthChangeHistoryMapper' and 'cloud.catfish.mbg.mapper.UmsGrowthChangeHistoryMapper' mapperInterface. Bean already defined with the same name!
2025-12-19 16:45:52.596 [main] WARN  [org.mybatis.spring.mapper.ClassPathMapperScanner] - Skipping MapperFactoryBean with name 'umsIntegrationChangeHistoryMapper' and 'cloud.catfish.mbg.mapper.UmsIntegrationChangeHistoryMapper' mapperInterface. Bean already defined with the same name!
2025-12-19 16:45:52.596 [main] WARN  [org.mybatis.spring.mapper.ClassPathMapperScanner] - Skipping MapperFactoryBean with name 'umsIntegrationConsumeSettingMapper' and 'cloud.catfish.mbg.mapper.UmsIntegrationConsumeSettingMapper' mapperInterface. Bean already defined with the same name!
2025-12-19 16:45:52.596 [main] WARN  [org.mybatis.spring.mapper.ClassPathMapperScanner] - Skipping MapperFactoryBean with name 'umsMemberLevelMapper' and 'cloud.catfish.mbg.mapper.UmsMemberLevelMapper' mapperInterface. Bean already defined with the same name!
2025-12-19 16:45:52.597 [main] WARN  [org.mybatis.spring.mapper.ClassPathMapperScanner] - Skipping MapperFactoryBean with name 'umsMemberLoginLogMapper' and 'cloud.catfish.mbg.mapper.UmsMemberLoginLogMapper' mapperInterface. Bean already defined with the same name!
2025-12-19 16:45:52.597 [main] WARN  [org.mybatis.spring.mapper.ClassPathMapperScanner] - Skipping MapperFactoryBean with name 'umsMemberMapper' and 'cloud.catfish.mbg.mapper.UmsMemberMapper' mapperInterface. Bean already defined with the same name!
2025-12-19 16:45:52.597 [main] WARN  [org.mybatis.spring.mapper.ClassPathMapperScanner] - Skipping MapperFactoryBean with name 'umsMemberMemberTagRelationMapper' and 'cloud.catfish.mbg.mapper.UmsMemberMemberTagRelationMapper' mapperInterface. Bean already defined with the same name!
2025-12-19 16:45:52.598 [main] WARN  [org.mybatis.spring.mapper.ClassPathMapperScanner] - Skipping MapperFactoryBean with name 'umsMemberProductCategoryRelationMapper' and 'cloud.catfish.mbg.mapper.UmsMemberProductCategoryRelationMapper' mapperInterface. Bean already defined with the same name!
2025-12-19 16:45:52.598 [main] WARN  [org.mybatis.spring.mapper.ClassPathMapperScanner] - Skipping MapperFactoryBean with name 'umsMemberReceiveAddressMapper' and 'cloud.catfish.mbg.mapper.UmsMemberReceiveAddressMapper' mapperInterface. Bean already defined with the same name!
2025-12-19 16:45:52.599 [main] WARN  [org.mybatis.spring.mapper.ClassPathMapperScanner] - Skipping MapperFactoryBean with name 'umsMemberRuleSettingMapper' and 'cloud.catfish.mbg.mapper.UmsMemberRuleSettingMapper' mapperInterface. Bean already defined with the same name!
2025-12-19 16:45:52.600 [main] WARN  [org.mybatis.spring.mapper.ClassPathMapperScanner] - Skipping MapperFactoryBean with name 'umsMemberStatisticsInfoMapper' and 'cloud.catfish.mbg.mapper.UmsMemberStatisticsInfoMapper' mapperInterface. Bean already defined with the same name!
2025-12-19 16:45:52.601 [main] WARN  [org.mybatis.spring.mapper.ClassPathMapperScanner] - Skipping MapperFactoryBean with name 'umsMemberTagMapper' and 'cloud.catfish.mbg.mapper.UmsMemberTagMapper' mapperInterface. Bean already defined with the same name!
2025-12-19 16:45:52.601 [main] WARN  [org.mybatis.spring.mapper.ClassPathMapperScanner] - Skipping MapperFactoryBean with name 'umsMemberTaskMapper' and 'cloud.catfish.mbg.mapper.UmsMemberTaskMapper' mapperInterface. Bean already defined with the same name!
2025-12-19 16:45:52.601 [main] WARN  [org.mybatis.spring.mapper.ClassPathMapperScanner] - Skipping MapperFactoryBean with name 'umsMenuMapper' and 'cloud.catfish.mbg.mapper.UmsMenuMapper' mapperInterface. Bean already defined with the same name!
2025-12-19 16:45:52.602 [main] WARN  [org.mybatis.spring.mapper.ClassPathMapperScanner] - Skipping MapperFactoryBean with name 'umsPermissionMapper' and 'cloud.catfish.mbg.mapper.UmsPermissionMapper' mapperInterface. Bean already defined with the same name!
2025-12-19 16:45:52.602 [main] WARN  [org.mybatis.spring.mapper.ClassPathMapperScanner] - Skipping MapperFactoryBean with name 'umsResourceCategoryMapper' and 'cloud.catfish.mbg.mapper.UmsResourceCategoryMapper' mapperInterface. Bean already defined with the same name!
2025-12-19 16:45:52.602 [main] WARN  [org.mybatis.spring.mapper.ClassPathMapperScanner] - Skipping MapperFactoryBean with name 'umsResourceMapper' and 'cloud.catfish.mbg.mapper.UmsResourceMapper' mapperInterface. Bean already defined with the same name!
2025-12-19 16:45:52.602 [main] WARN  [org.mybatis.spring.mapper.ClassPathMapperScanner] - Skipping MapperFactoryBean with name 'umsRoleMapper' and 'cloud.catfish.mbg.mapper.UmsRoleMapper' mapperInterface. Bean already defined with the same name!
2025-12-19 16:45:52.602 [main] WARN  [org.mybatis.spring.mapper.ClassPathMapperScanner] - Skipping MapperFactoryBean with name 'umsRoleMenuRelationMapper' and 'cloud.catfish.mbg.mapper.UmsRoleMenuRelationMapper' mapperInterface. Bean already defined with the same name!
2025-12-19 16:45:52.603 [main] WARN  [org.mybatis.spring.mapper.ClassPathMapperScanner] - Skipping MapperFactoryBean with name 'umsRolePermissionRelationMapper' and 'cloud.catfish.mbg.mapper.UmsRolePermissionRelationMapper' mapperInterface. Bean already defined with the same name!
2025-12-19 16:45:52.603 [main] WARN  [org.mybatis.spring.mapper.ClassPathMapperScanner] - Skipping MapperFactoryBean with name 'umsRoleResourceRelationMapper' and 'cloud.catfish.mbg.mapper.UmsRoleResourceRelationMapper' mapperInterface. Bean already defined with the same name!
2025-12-19 16:45:52.604 [main] WARN  [org.mybatis.spring.mapper.ClassPathMapperScanner] - Skipping MapperFactoryBean with name 'xlcDroneStatusMapper' and 'cloud.catfish.mbg.mapper.XlcDroneStatusMapper' mapperInterface. Bean already defined with the same name!
2025-12-19 16:45:52.604 [main] WARN  [org.mybatis.spring.mapper.ClassPathMapperScanner] - Skipping MapperFactoryBean with name 'xlcSignalDataStatusMapper' and 'cloud.catfish.mbg.mapper.XlcSignalDataStatusMapper' mapperInterface. Bean already defined with the same name!
2025-12-19 16:45:52.605 [main] WARN  [org.mybatis.spring.mapper.ClassPathMapperScanner] - No MyBatis mapper was found in '[cloud.catfish.admin.dao, cloud.catfish.mbg.mapper]' package. Please check your configuration.
